src/app/actions/delivery.ts(21,21): error TS2353: Object literal may only specify known properties, and 'signatureData' does not exist in type '(Without<DeliveryUpdateInput, DeliveryUncheckedUpdateInput> & DeliveryUncheckedUpdateInput) | (Without<...> & DeliveryUpdateInput)'.
src/components/CompleteDeliveryButton.tsx(45,35): error TS2339: Property 'decodeStop' does not exist on type 'BrowserMultiFormatReader'.
