src/components/MrzScanner.tsx(85,17): error TS2353: Object literal may only specify known properties, and 'logger' does not exist in type 'string[] | Lang[]'.
src/components/MrzScanner.tsx(85,25): error TS7006: Parameter 'm' implicitly has an 'any' type.
src/components/MrzScanner.tsx(91,26): error TS2339: Property 'loadLanguage' does not exist on type 'Worker'.
src/components/MrzScanner.tsx(92,26): error TS2551: Property 'initialize' does not exist on type 'Worker'. Did you mean 'reinitialize'?
